source: |-
  (setq a "hello") (print a)
input: |-
  wing-wing-wing wing-wing-wing hallo
output: |
  alkdf
